2026-08-10 16:34:05.261 [ main ] - [ INFO  ] [ org.reflections.Reflections : 219 ] - Reflections took 140 ms to scan 1 urls, producing 21 keys and 49 values
2026-08-10 16:34:05.442 [ main ] - [ INFO  ] [ hx.apigate.aware.EnvInitProcessor : 58 ] - System configuration file loading completed ...........................................
2026-08-10 16:34:05.559 [ nioEventLoopGroup-2-1 ] - [ WARN  ] [ io.netty.handler.logging.LoggingHandler : 151 ] - [id: 0x2727449f] REGISTERED
2026-08-10 16:34:05.561 [ nioEventLoopGroup-2-1 ] - [ WARN  ] [ io.netty.handler.logging.LoggingHandler : 151 ] - [id: 0x2727449f] BIND: 0.0.0.0/0.0.0.0:18081
2026-08-10 16:34:05.565 [ nioEventLoopGroup-2-1 ] - [ WARN  ] [ io.netty.handler.logging.LoggingHandler : 151 ] - [id: 0x2727449f, L:/[0:0:0:0:0:0:0:0]:18081] ACTIVE
2026-08-10 16:34:05.582 [ main ] - [ INFO  ] [ h.a.d.DefualtDistributedCacheManager : 32 ] - [HXAPIGate Info :] DistributedCacheManager is started ! DefualtCacheProcessorName is single
2026-08-10 16:34:05.651 [ main ] - [ INFO  ] [ org.apache.shiro.ini.IniSecurityManagerFactory : 139 ] - Realms have been explicitly set on the SecurityManager instance - auto-setting of realms will not occur.
2026-08-10 16:34:05.690 [ main ] - [ WARN  ] [ hx.apigate.distributed.RedisProcessor : 74 ] - Redis 连接失败，网关降级为本地缓存+本地限流: Failed to connect to 127.0.0.1:16379.
2026-08-10 16:34:05.691 [ main ] - [ INFO  ] [ hx.apigate.socket.Server4Terminal : 29 ] - ===================================================================
2026-08-10 16:34:05.691 [ main ] - [ INFO  ] [ hx.apigate.socket.Server4Terminal : 30 ] - ===================================================================
2026-08-10 16:34:05.691 [ main ] - [ INFO  ] [ hx.apigate.socket.Server4Terminal : 31 ] - oooo oooo      .o      .ooooo.   ooooo   oooo oooo oooo   ooo 
2026-08-10 16:34:05.691 [ main ] - [ INFO  ] [ hx.apigate.socket.Server4Terminal : 32 ] - `88' `88'     .88      8P' `Y8    `888    8'  `88' `88b   `8'     A
2026-08-10 16:34:05.691 [ main ] - [ INFO  ] [ hx.apigate.socket.Server4Terminal : 33 ] -  88   88      .88.    88     88     Y88..8     88   8 8b   8      
2026-08-10 16:34:05.691 [ main ] - [ INFO  ] [ hx.apigate.socket.Server4Terminal : 34 ] -  88ooo88     .8' 8.   88     88      `888'     88   8  8b  8      P
2026-08-10 16:34:05.692 [ main ] - [ INFO  ] [ hx.apigate.socket.Server4Terminal : 35 ] -  88   88    .88oo88.  88     88     .8Y888     88   8   8b.8       
2026-08-10 16:34:05.692 [ main ] - [ INFO  ] [ hx.apigate.socket.Server4Terminal : 36 ] -  88   88   .8'   `88. `8b   d8'    d8' `88b    88   8   `888      I
2026-08-10 16:34:05.692 [ main ] - [ INFO  ] [ hx.apigate.socket.Server4Terminal : 37 ] - o88o o88o o88o   o888o Y8bod8P   o888o o8888o o88o o8o    `8
2026-08-10 16:34:05.692 [ main ] - [ INFO  ] [ hx.apigate.socket.Server4Terminal : 38 ] - ===================================================================
2026-08-10 16:34:05.692 [ main ] - [ INFO  ] [ hx.apigate.socket.Server4Terminal : 39 ] - ----------------------------------------------powered by uiotp.com-
2026-08-10 16:34:05.692 [ main ] - [ INFO  ] [ hx.apigate.socket.Server4Terminal : 40 ] - ===================================================================
2026-08-10 16:34:05.693 [ main ] - [ INFO  ] [ hx.apigate.socket.Server4Terminal : 41 ] - [HXAPIGate Info :] HTTPServer is started ! Server port is 18081
2026-08-10 16:34:58.657 [ main ] - [ INFO  ] [ org.reflections.Reflections : 219 ] - Reflections took 89 ms to scan 1 urls, producing 21 keys and 49 values
2026-08-10 16:34:58.750 [ main ] - [ INFO  ] [ hx.apigate.aware.EnvInitProcessor : 58 ] - System configuration file loading completed ...........................................
2026-08-10 16:34:58.834 [ nioEventLoopGroup-2-1 ] - [ WARN  ] [ io.netty.handler.logging.LoggingHandler : 151 ] - [id: 0xa5c988c1] REGISTERED
2026-08-10 16:34:58.835 [ nioEventLoopGroup-2-1 ] - [ WARN  ] [ io.netty.handler.logging.LoggingHandler : 151 ] - [id: 0xa5c988c1] BIND: 0.0.0.0/0.0.0.0:18081
2026-08-10 16:34:58.838 [ nioEventLoopGroup-2-1 ] - [ WARN  ] [ io.netty.handler.logging.LoggingHandler : 151 ] - [id: 0xa5c988c1, L:/[0:0:0:0:0:0:0:0]:18081] ACTIVE
2026-08-10 16:34:58.909 [ main ] - [ INFO  ] [ h.a.d.DefualtDistributedCacheManager : 32 ] - [HXAPIGate Info :] DistributedCacheManager is started ! DefualtCacheProcessorName is single
2026-08-10 16:34:58.971 [ main ] - [ INFO  ] [ org.apache.shiro.ini.IniSecurityManagerFactory : 139 ] - Realms have been explicitly set on the SecurityManager instance - auto-setting of realms will not occur.
2026-08-10 16:34:59.136 [ main ] - [ INFO  ] [ hx.apigate.util.RedisUtil : 105 ] - 路由缓存已从 Redis 加载, 共 12 个接口
2026-08-10 16:34:59.138 [ main ] - [ INFO  ] [ hx.apigate.distributed.RedisProcessor : 109 ] - 鉴权规则已从 Redis 加载, 共 10 条
2026-08-10 16:34:59.140 [ main ] - [ INFO  ] [ hx.apigate.distributed.RedisProcessor : 95 ] - RedisProcessor started, node=127.0.0.1:6379
2026-08-10 16:34:59.140 [ main ] - [ INFO  ] [ hx.apigate.socket.Server4Terminal : 29 ] - ===================================================================
2026-08-10 16:34:59.140 [ main ] - [ INFO  ] [ hx.apigate.socket.Server4Terminal : 30 ] - ===================================================================
2026-08-10 16:34:59.140 [ main ] - [ INFO  ] [ hx.apigate.socket.Server4Terminal : 31 ] - oooo oooo      .o      .ooooo.   ooooo   oooo oooo oooo   ooo 
2026-08-10 16:34:59.140 [ main ] - [ INFO  ] [ hx.apigate.socket.Server4Terminal : 32 ] - `88' `88'     .88      8P' `Y8    `888    8'  `88' `88b   `8'     A
2026-08-10 16:34:59.140 [ main ] - [ INFO  ] [ hx.apigate.socket.Server4Terminal : 33 ] -  88   88      .88.    88     88     Y88..8     88   8 8b   8      
2026-08-10 16:34:59.141 [ main ] - [ INFO  ] [ hx.apigate.socket.Server4Terminal : 34 ] -  88ooo88     .8' 8.   88     88      `888'     88   8  8b  8      P
2026-08-10 16:34:59.141 [ main ] - [ INFO  ] [ hx.apigate.socket.Server4Terminal : 35 ] -  88   88    .88oo88.  88     88     .8Y888     88   8   8b.8       
2026-08-10 16:34:59.141 [ main ] - [ INFO  ] [ hx.apigate.socket.Server4Terminal : 36 ] -  88   88   .8'   `88. `8b   d8'    d8' `88b    88   8   `888      I
2026-08-10 16:34:59.141 [ main ] - [ INFO  ] [ hx.apigate.socket.Server4Terminal : 37 ] - o88o o88o o88o   o888o Y8bod8P   o888o o8888o o88o o8o    `8
2026-08-10 16:34:59.141 [ main ] - [ INFO  ] [ hx.apigate.socket.Server4Terminal : 38 ] - ===================================================================
2026-08-10 16:34:59.141 [ main ] - [ INFO  ] [ hx.apigate.socket.Server4Terminal : 39 ] - ----------------------------------------------powered by uiotp.com-
2026-08-10 16:34:59.141 [ main ] - [ INFO  ] [ hx.apigate.socket.Server4Terminal : 40 ] - ===================================================================
2026-08-10 16:34:59.141 [ main ] - [ INFO  ] [ hx.apigate.socket.Server4Terminal : 41 ] - [HXAPIGate Info :] HTTPServer is started ! Server port is 18081
